// Jest Snapshot v1, https://goo.gl/fbAQLP

exports[`Components Launch should renders correctly 1`] = `
<withOrientation
  forceInset={
    Object {
      "top": "always",
    }
  }
  style={
    Object {
      "alignItems": "center",
      "backgroundColor": "white",
      "flex": 1,
      "justifyContent": "center",
    }
  }
>
  <Component
    style={
      Object {
        "flex": 1,
      }
    }
  />
  <Component
    style={
      Object {
        "alignItems": "center",
        "justifyContent": "center",
        "paddingHorizontal": 30,
        "width": "100%",
      }
    }
  >
    <Image
      source={1}
    />
    <Text
      accessible={true}
      allowFontScaling={true}
      ellipsizeMode="tail"
      style={
        Object {
          "fontSize": 18,
          "fontWeight": "bold",
          "marginBottom": 20,
          "marginTop": 40,
          "textAlign": "center",
        }
      }
    >
      Keep track of every interaction with your friend and family!
    </Text>
    <Text
      accessible={true}
      allowFontScaling={true}
      ellipsizeMode="tail"
      style={
        Object {
          "color": "#97A5B2",
          "marginBottom": 20,
          "textAlign": "center",
        }
      }
    >
      Remember when you last called, what you talked about, the name of their kids or what they prefer to eat!
    </Text>
    <Button
      disabled={false}
      id="goToLogin"
      loading={false}
      onPress={[Function]}
    >
      Get started
    </Button>
  </Component>
  <Component
    style={
      Object {
        "flex": 1,
      }
    }
  />
</withOrientation>
`;
