// Jest Snapshot v1, https://goo.gl/fbAQLP

exports[`Pages CallsList should display the header if it is not fetching 1`] = `
<ContextConsumer>
  <Component />
</ContextConsumer>
`;

exports[`Pages CallsList should display the loading indicator in the footer if it is fetching 1`] = `
<ForwardRef(View)
  style={
    Array [
      Object {
        "alignItems": "center",
        "justifyContent": "center",
      },
      Object {
        "marginVertical": 20,
      },
    ]
  }
>
  <Component
    animating={true}
    color="#999999"
    hidesWhenStopped={true}
    indeterminate={true}
    size="large"
    style={
      Object {
        "height": 36,
        "width": 36,
      }
    }
    styleAttr="Normal"
  />
</ForwardRef(View)>
`;

exports[`Pages CallsList should renders correctly with calls and fetching 1`] = `
<ForwardRef(View)
  style={
    Object {
      "flex": 1,
    }
  }
>
  <Navbar
    onBack={[MockFunction]}
    title="Phone calls"
  />
  <FlatList
    ListFooterComponent={[Function]}
    ListHeaderComponent={[Function]}
    data={
      Array [
        Object {
          "called_at": "2016-10-07T21:00:56Z",
          "content": "My content",
        },
        Object {
          "called_at": "2016-08-07T21:00:56Z",
          "content": "My content 2",
        },
      ]
    }
    disableVirtualization={false}
    horizontal={false}
    initialNumToRender={10}
    keyExtractor={[Function]}
    maxToRenderPerBatch={10}
    numColumns={1}
    onEndReached={
      [MockFunction] {
        "calls": Array [
          Array [],
        ],
        "results": Array [
          Object {
            "isThrow": false,
            "value": undefined,
          },
        ],
      }
    }
    onEndReachedThreshold={0.5}
    renderItem={[Function]}
    scrollEventThrottle={50}
    updateCellsBatchingPeriod={50}
    windowSize={21}
  />
</ForwardRef(View)>
`;

exports[`Pages CallsList should renders correctly with calls and fetching 2`] = `
<ContextConsumer>
  <Component />
</ContextConsumer>
`;

exports[`Pages CallsList should renders correctly with calls and fetching 3`] = `
<ForwardRef(View)
  style={
    Object {
      "flex": 1,
    }
  }
>
  <Navbar
    onBack={[MockFunction]}
    title="Phone calls"
  />
  <FlatList
    ListFooterComponent={[Function]}
    ListHeaderComponent={[Function]}
    data={
      Array [
        Object {
          "called_at": "2016-10-07T21:00:56Z",
          "content": "My content",
        },
        Object {
          "called_at": "2016-08-07T21:00:56Z",
          "content": "My content 2",
        },
      ]
    }
    disableVirtualization={false}
    horizontal={false}
    initialNumToRender={10}
    keyExtractor={[Function]}
    maxToRenderPerBatch={10}
    numColumns={1}
    onEndReached={
      [MockFunction] {
        "calls": Array [
          Array [],
        ],
        "results": Array [
          Object {
            "isThrow": false,
            "value": undefined,
          },
        ],
      }
    }
    onEndReachedThreshold={0.5}
    renderItem={[Function]}
    scrollEventThrottle={50}
    updateCellsBatchingPeriod={50}
    windowSize={21}
  />
</ForwardRef(View)>
`;

exports[`Pages CallsList should renders correctly with calls and fetching 4`] = `
<ContextConsumer>
  <Component />
</ContextConsumer>
`;

exports[`Pages CallsList should renders correctly with calls and fetching 5`] = `
<ContextConsumer>
  <Component />
</ContextConsumer>
`;

exports[`Pages CallsList should renders correctly without calls and fetching 1`] = `
<ForwardRef(View)
  style={
    Object {
      "flex": 1,
    }
  }
>
  <Navbar
    onBack={[MockFunction]}
    title="Phone calls"
  />
  <FlatList
    ListFooterComponent={[Function]}
    ListHeaderComponent={[Function]}
    data={Array []}
    disableVirtualization={false}
    horizontal={false}
    initialNumToRender={10}
    keyExtractor={[Function]}
    maxToRenderPerBatch={10}
    numColumns={1}
    onEndReached={
      [MockFunction] {
        "calls": Array [
          Array [],
        ],
        "results": Array [
          Object {
            "isThrow": false,
            "value": undefined,
          },
        ],
      }
    }
    onEndReachedThreshold={0.5}
    renderItem={[Function]}
    scrollEventThrottle={50}
    updateCellsBatchingPeriod={50}
    windowSize={21}
  />
</ForwardRef(View)>
`;

exports[`Pages CallsList should renders correctly without calls and not fetching 1`] = `
<ForwardRef(View)
  style={
    Object {
      "flex": 1,
    }
  }
>
  <Navbar
    onBack={[MockFunction]}
    title="Phone calls"
  />
  <EmptyActivity
    image={1}
    subtitle="So you can refer to it at a later time."
    title="Enter details about phone calls you make."
  />
</ForwardRef(View)>
`;
