// Jest Snapshot v1, https://goo.gl/fbAQLP

exports[`Components TextInput android should renders correctly 1`] = `
Array [
  <Component
    key="0"
    style={
      Object {
        "flexDirection": "row",
        "width": "100%",
      }
    }
  />,
  <TextInput
    allowFontScaling={true}
    autoCapitalize="none"
    autoCorrect={false}
    key="1"
    style={
      Object {
        "borderBottomWidth": 0.5,
        "borderColor": "#b5b5b5",
        "height": 40,
        "marginBottom": 20,
        "width": "100%",
      }
    }
    testID="input-undefined"
    underlineColorAndroid="#b5b5b5"
  />,
]
`;

exports[`Components TextInput android should renders correctly 2`] = `
Array [
  <Component
    key="0"
    style={
      Object {
        "flexDirection": "row",
        "width": "100%",
      }
    }
  />,
  <TextInput
    allowFontScaling={true}
    autoCapitalize="none"
    autoCorrect={false}
    key="1"
    style={
      Object {
        "borderBottomWidth": 0.5,
        "borderColor": "#b5b5b5",
        "height": 40,
        "marginBottom": 20,
        "width": "100%",
      }
    }
    testID="input-undefined"
    underlineColorAndroid="#b5b5b5"
  />,
]
`;

exports[`Components TextInput ios should renders correctly 1`] = `
Array [
  <Component
    key="0"
    style={
      Object {
        "flexDirection": "row",
        "width": "100%",
      }
    }
  />,
  <TextInput
    allowFontScaling={true}
    autoCapitalize="none"
    autoCorrect={false}
    key="1"
    style={
      Object {
        "borderBottomWidth": 0.5,
        "borderColor": "#b5b5b5",
        "height": 40,
        "marginBottom": 20,
        "width": "100%",
      }
    }
    testID="input-undefined"
    underlineColorAndroid="#b5b5b5"
  />,
]
`;

exports[`Components TextInput ios should renders correctly 2`] = `
Array [
  <Component
    key="0"
    style={
      Object {
        "flexDirection": "row",
        "width": "100%",
      }
    }
  />,
  <TextInput
    allowFontScaling={true}
    autoCapitalize="none"
    autoCorrect={false}
    key="1"
    style={
      Object {
        "borderBottomWidth": 0.5,
        "borderColor": "#b5b5b5",
        "height": 40,
        "marginBottom": 20,
        "width": "100%",
      }
    }
    testID="input-undefined"
    underlineColorAndroid="#b5b5b5"
  />,
]
`;

exports[`Components TextInput ios should renders correctly 3`] = `
Array [
  <Component
    key="0"
    style={
      Object {
        "flexDirection": "row",
        "width": "100%",
      }
    }
  />,
  <TextInput
    allowFontScaling={true}
    autoCapitalize="none"
    autoCorrect={false}
    key="1"
    style={
      Object {
        "borderBottomWidth": 0.5,
        "borderColor": "#b5b5b5",
        "height": 40,
        "marginBottom": 20,
        "width": "100%",
      }
    }
    testID="input-undefined"
    underlineColorAndroid="#b5b5b5"
  />,
]
`;

exports[`Components TextInput ios should renders correctly 4`] = `
Array [
  <Component
    key="0"
    style={
      Object {
        "flexDirection": "row",
        "width": "100%",
      }
    }
  />,
  <TextInput
    allowFontScaling={true}
    autoCapitalize="none"
    autoCorrect={false}
    key="1"
    style={
      Object {
        "borderBottomWidth": 0.5,
        "borderColor": "#b5b5b5",
        "height": 40,
        "marginBottom": 20,
        "width": "100%",
      }
    }
    testID="input-undefined"
    underlineColorAndroid="#b5b5b5"
  />,
]
`;
